Compiling 4 files with Solc 0.8.33
Solc 0.8.33 finished in 14.55s
Compiler run successful!
note[asm-keccak256]: use of inefficient hashing mechanism; consider using inline assembly
    --> contracts/PrisonersDaollema.sol:1245:16
     |
1245 |         return keccak256(abi.encode(gameId, round, wallet, choice, salt));
     |                ^^^^^^^^^^^^^^^^^^^^^^^^^^^^^^^^^^^^^^^^^^^^^^^^^^^^^^^^^^
     |
     = help: https://book.getfoundry.sh/reference/forge/forge-lint#asm-keccak256

warning[incorrect-shift]: the order of args in a shift operation is incorrect
   --> test/PrisonersDaollemaFuzz.t.sol:145:31
    |
145 |             if ((claimMask & (1 << index)) == 0) {
    |                               ^^^^^^^^^^
    |
    = help: https://book.getfoundry.sh/reference/forge/forge-lint#incorrect-shift

note[asm-keccak256]: use of inefficient hashing mechanism; consider using inline assembly
   --> contracts/AgentAuthRegistry.sol:152:30
    |
152 |           bytes32 structHash = keccak256(
    |  ______________________________^
153 | |             abi.encode(
154 | |                 AUTH_PERMIT_TYPEHASH,
155 | |                 permit.wallet,
...   |
164 | |         );
    | |_________^
    |
    = help: https://book.getfoundry.sh/reference/forge/forge-lint#asm-keccak256

warning[incorrect-shift]: the order of args in a shift operation is incorrect
   --> test/PrisonersDaollemaFuzz.t.sol:356:59
    |
356 |             if ((plan.immediateWinnerCauseWithdrawMask & (1 << step)) != 0) {
    |                                                           ^^^^^^^^^
    |
    = help: https://book.getfoundry.sh/reference/forge/forge-lint#incorrect-shift

note[screaming-snake-case-immutable]: immutables should use SCREAMING_SNAKE_CASE
  --> contracts/GameChat.sol:26:36
   |
26 |     IGameChatHost public immutable game;
   |                                    ^^^^ help: consider using: `GAME`
   |
   = help: https://book.getfoundry.sh/reference/forge/forge-lint#screaming-snake-case-immutable

warning[unsafe-typecast]: typecasts that can truncate values should be checked
   --> test/GameChat.t.sol:296:25
    |
296 |             buffer[i] = bytes1("a");
    |                         ^^^^^^^^^^^
    |
    = note: consider disabling this lint if you're certain the cast is safe
            
            // casting to 'bytes1' is safe because [explain why]
            // forge-lint: disable-next-line(unsafe-typecast)
            
            
    = help: https://book.getfoundry.sh/reference/forge/forge-lint#unsafe-typecast

note[unaliased-plain-import]: use named imports '{A, B}' or alias 'import ".." as X'
 --> script/VerifyAll.s.sol:4:8
  |
4 | import "forge-std/Script.sol";
  |        ^^^^^^^^^^^^^^^^^^^^^^
  |
  = help: https://book.getfoundry.sh/reference/forge/forge-lint#unaliased-plain-import

note[unaliased-plain-import]: use named imports '{A, B}' or alias 'import ".." as X'
 --> script/VerifyAll.s.sol:5:8
  |
5 | import "forge-std/Vm.sol";
  |        ^^^^^^^^^^^^^^^^^^
  |
  = help: https://book.getfoundry.sh/reference/forge/forge-lint#unaliased-plain-import

note[unaliased-plain-import]: use named imports '{A, B}' or alias 'import ".." as X'
 --> script/VerifyAll.s.sol:6:8
  |
6 | import "solidity-bytes-utils/BytesLib.sol";
  |        ^^^^^^^^^^^^^^^^^^^^^^^^^^^^^^^^^^^
  |
  = help: https://book.getfoundry.sh/reference/forge/forge-lint#unaliased-plain-import

note[mixed-case-variable]: mutable variables should use mixedCase
  --> script/VerifyAll.s.sol:14:11
   |
14 |     int32 exit_code;
   |           ^^^^^^^^^ help: consider using: `exitCode`
   |
   = help: https://book.getfoundry.sh/reference/forge/forge-lint#mixed-case-variable

note[unsafe-cheatcode]: usage of unsafe cheatcodes that can perform dangerous operations
  --> script/VerifyAll.s.sol:30:36
   |
30 |         string memory content = vm.readFile(path);
   |                                    ^^^^^^^^
   |
   = help: https://book.getfoundry.sh/reference/forge/forge-lint#unsafe-cheatcode

note[unsafe-cheatcode]: usage of unsafe cheatcodes that can perform dangerous operations
  --> script/VerifyAll.s.sol:97:31
   |
97 |         compiledBytecode = vm.readFile(path);
   |                               ^^^^^^^^
   |
   = help: https://book.getfoundry.sh/reference/forge/forge-lint#unsafe-cheatcode

note[mixed-case-function]: function names should use mixedCase
  --> script/DeployHelpers.s.sol:27:14
   |
27 |     modifier ScaffoldEthDeployerRunner() {
   |              ^^^^^^^^^^^^^^^^^^^^^^^^^ help: consider using: `scaffoldEthDeployerRunner`
   |
   = help: https://book.getfoundry.sh/reference/forge/forge-lint#mixed-case-function

note[unused-import]: unused imports should be removed
 --> script/DeployHelpers.s.sol:4:18
  |
4 | import { Script, console } from "forge-std/Script.sol";
  |                  ^^^^^^^
  |
  = help: https://book.getfoundry.sh/reference/forge/forge-lint#unused-import

note[unaliased-plain-import]: use named imports '{A, B}' or alias 'import ".." as X'
 --> script/DeployYourContract.s.sol:4:8
  |
4 | import "./DeployPrisonersDaollema.s.sol";
  |        ^^^^^^^^^^^^^^^^^^^^^^^^^^^^^^^^^
  |
  = help: https://book.getfoundry.sh/reference/forge/forge-lint#unaliased-plain-import

note[unaliased-plain-import]: use named imports '{A, B}' or alias 'import ".." as X'
 --> script/DeployPrisonersDaollema.s.sol:4:8
  |
4 | import "./DeployHelpers.s.sol";
  |        ^^^^^^^^^^^^^^^^^^^^^^^
  |
  = help: https://book.getfoundry.sh/reference/forge/forge-lint#unaliased-plain-import

note[unaliased-plain-import]: use named imports '{A, B}' or alias 'import ".." as X'
 --> script/Deploy.s.sol:4:8
  |
4 | import "./DeployPrisonersDaollema.s.sol";
  |        ^^^^^^^^^^^^^^^^^^^^^^^^^^^^^^^^^
  |
  = help: https://book.getfoundry.sh/reference/forge/forge-lint#unaliased-plain-import

TAP version 13
# Subtest: integration smoke covers local auth wrapper plus winner claims, cancelled refunds, no-winner withdrawals, and evidence export
ok 1 - integration smoke covers local auth wrapper plus winner claims, cancelled refunds, no-winner withdrawals, and evidence export
  ---
  duration_ms: 125166.672816
  type: 'test'
  ...
1..1
# tests 1
# suites 0
# pass 1
# fail 0
# cancelled 0
# skipped 0
# todo 0
# duration_ms 125928.301858
