No files changed, compilation skipped

╭---------------------------+------------------+-------------------+--------------------+---------------------╮
| Contract                  | Runtime Size (B) | Initcode Size (B) | Runtime Margin (B) | Initcode Margin (B) |
+=============================================================================================================+
| AgentAuthRegistry         | 4,385            | 5,779             | 20,191             | 43,373              |
|---------------------------+------------------+-------------------+--------------------+---------------------|
| Bytes                     | 57               | 85                | 24,519             | 49,067              |
|---------------------------+------------------+-------------------+--------------------+---------------------|
| BytesLib                  | 57               | 85                | 24,519             | 49,067              |
|---------------------------+------------------+-------------------+--------------------+---------------------|
| DeployScript              | 37,497           | 37,523            | -12,921            | 11,629              |
|---------------------------+------------------+-------------------+--------------------+---------------------|
| ECDSA                     | 57               | 85                | 24,519             | 49,067              |
|---------------------------+------------------+-------------------+--------------------+---------------------|
| GameChat                  | 1,863            | 2,036             | 22,713             | 47,116              |
|---------------------------+------------------+-------------------+--------------------+---------------------|
| Math                      | 57               | 85                | 24,519             | 49,067              |
|---------------------------+------------------+-------------------+--------------------+---------------------|
| MessageHashUtils          | 57               | 85                | 24,519             | 49,067              |
|---------------------------+------------------+-------------------+--------------------+---------------------|
| MockAgentIdentityRegistry | 249              | 274               | 24,327             | 48,878              |
|---------------------------+------------------+-------------------+--------------------+---------------------|
| Panic                     | 57               | 85                | 24,519             | 49,067              |
|---------------------------+------------------+-------------------+--------------------+---------------------|
| PrisonersDaollema         | 19,809           | 21,171            | 4,767              | 27,981              |
|---------------------------+------------------+-------------------+--------------------+---------------------|
| SafeCast                  | 57               | 85                | 24,519             | 49,067              |
|---------------------------+------------------+-------------------+--------------------+---------------------|
| ShortStrings              | 57               | 85                | 24,519             | 49,067              |
|---------------------------+------------------+-------------------+--------------------+---------------------|
| SignedMath                | 57               | 85                | 24,519             | 49,067              |
|---------------------------+------------------+-------------------+--------------------+---------------------|
| StorageSlot               | 57               | 85                | 24,519             | 49,067              |
|---------------------------+------------------+-------------------+--------------------+---------------------|
| Strings                   | 57               | 85                | 24,519             | 49,067              |
╰---------------------------+------------------+-------------------+--------------------+---------------------╯

