Compiling 2 files with Solc 0.8.33
Solc 0.8.33 finished in 1.52s
Compiler run successful with warnings:
Warning (2018): Function state mutability can be restricted to pure
   --> script/VerifyAll.s.sol:131:5:
    |
131 |     function _logFfiResult(FfiResult memory f) internal view {
    |     ^ (Relevant source part starts here and spans across multiple lines).

Script ran successfully.

== Logs ==
  Using verify broadcast file: /root/projects/prisoners-daolemma/packages/foundry/broadcast/Deploy.s.sol/84532/run-latest.json
  Start verifying contract `0x5782E5e6AdE65F725b66DA06d99A4d12Cc601E2E` deployed on base-sepolia
Constructor args: 0x0000000000000000000000007177a6867296406881e20d6647232314736dd09a

Submitting verification for [contracts/ERC8004AuthAdapter.sol:ERC8004AuthAdapter] 0x5782E5e6AdE65F725b66DA06d99A4d12Cc601E2E.
Submitted contract for verification:
	Response: `OK`
	GUID: `aqwhmse2xskqwrvnshaty7yn3gpizgexut8a4dsmemawkqsrvk`
	URL: https://sepolia.basescan.org/address/0x5782e5e6ade65f725b66da06d99a4d12cc601e2e
Contract verification status:
Response: `NOTOK`
Details: `Pending in queue`
Contract verification status:
Response: `OK`
Details: `Pass - Verified`
Contract successfully verified
  Warning: Verification is still pending...; waiting 15 seconds before trying again (7 tries remaining)

  Start verifying contract `0x309A0714e139c2F3f4fAda2791C4902Eb4d7d9eB` deployed on base-sepolia
Constructor args: 0x000000000000000000000000db463b29c82138188d5e425ede5e0fcbb09f1408000000000000000000000000db463b29c82138188d5e425ede5e0fcbb09f14080000000000000000000000005782e5e6ade65f725b66da06d99a4d12cc601e2e00000000000000000000000000000000000000000000000000038d7ea4c6800000000000000000000000000000000000000000000000000000000000000000640000000000000000000000000000000000000000000000000000000000000064000000000000000000000000000000000000000000000000000000000000012c00000000000000000000000000000000000000000000000000000000000000780000000000000000000000000000000000000000000000000000000000000078000000000000000000000000000000000000000000000000000000000000002000000000000000000000000000000000000000000000000000000000000000200000000000000000000000000000000000000000000000000000000000000008

Submitting verification for [contracts/PrisonersDAOlemma.sol:PrisonersDAOlemma] 0x309A0714e139c2F3f4fAda2791C4902Eb4d7d9eB.
Submitted contract for verification:
	Response: `OK`
	GUID: `6wqdk4raex3x3gcev4ikkprnplxb2epyceak7h85iupvk7jik7`
	URL: https://sepolia.basescan.org/address/0x309a0714e139c2f3f4fada2791c4902eb4d7d9eb
Contract verification status:
Response: `NOTOK`
Details: `Pending in queue`
Contract verification status:
Response: `OK`
Details: `Pass - Verified`
Contract successfully verified
  Warning: Verification is still pending...; waiting 15 seconds before trying again (7 tries remaining)

  Start verifying contract `0xdC2447E7B8C0183ca65Cf2390D5e312C7D4f20bD` deployed on base-sepolia
Constructor args: 0x000000000000000000000000309a0714e139c2f3f4fada2791c4902eb4d7d9eb

Contract [contracts/GameChat.sol:GameChat] "0xdC2447E7B8C0183ca65Cf2390D5e312C7D4f20bD" is already verified. Skipping verification.
